// Jest Snapshot v1, https://goo.gl/fbAQLP

exports[`Card should display emoji rightly 1`] = `
<div>
  <div
    class="container small"
  >
    ☕
  </div>
</div>
`;

exports[`Card should display number rightly 1`] = `
<div>
  <div
    class="container small"
  >
    5
  </div>
</div>
`;

exports[`Card should display string rightly 1`] = `
<div>
  <div
    class="container small"
  >
    ?
  </div>
</div>
`;

exports[`Card should render the card 1`] = `
<div>
  <div
    class="container small"
  >
    0
  </div>
</div>
`;
